"blank"		"BEWEGUNG"
"+forward"				"Move Forward"
"+back"					"Move Back"
"+moveleft"				"Move Left (Strafe)"
"+moveright"				"Move Right (Strafe)"
"+jump"					"Jump"
"+duck"					"Duck"
"+speed"            			"Walk"
"+left"					"Turn Left"
"+right"				"Turn Right"

"blank"		"GEFECHT"
"+attack"				"Fire"
"+attack2"				"Weapon special function"
"+reload"				"Reload weapon"
"invprev"				"Previous weapon (Optional)"
"invnext"				"Next weapon (Optional)"
"lastinv"				"Last used weapon (Optional)"
"drop"	 				"Drop current weapon"

"blank"		"MENU"
"+commandmenu"				"Enable BZ in-game VGUI"
"buy" 					"Buy menu"
"primammo"   				"Primary ammo (Full)"
"secammo" 				"Secondary ammo (Full)"
"buyammo1"				"Primary ammo (1 Clip)"
"buyammo2"				"Secondary ammo (1 Clip)"
"primammo; secammo"			"Buy all ammo (Full)"
"buyequip"				"Equipment menu"
"chooseteam" 				"Select team"
"slot10"				"Menu item 0"
"slot1"					"Menu item 1"
"slot2"					"Menu item 2"
"slot3" 				"Menu item 3"
"slot4"					"Menu item 4"
"slot5"					"Menu item 5"
"slot6"					"Menu item 6"
"slot7"					"Menu item 7"
"slot8"					"Menu item 8"
"slot9"					"Menu item 9"
"+showscores;timeleft;room_off 1;stopsound"	"Display scores, time left + stopsound"
"+showscores"				"Display multiplayer scores"
"timeleft"				"Display time left"

"blank"		"FASTCUP"
"fc_gg"				"Good game (surrender)"
"fc_pause"				"Take a pause"

"blank"		"SONSTIGES"
"+use"					"Use item (button, hostage, etc)"
"nightvision"				"Toggle nightvision on/Off"
"impulse 100"				"Flashlight"
"impulse 201"				"Spray logo"
"snapshot"				"Take screenshot"
"quit"					"Quit game"

"blank"		"QUICKSWITCH-TASTEN"
"slot1" 				"Switch: Primary weapon"
"slot2" 				"Switch: Secondary weapon (pistol)"
"slot3; weapon_knife"			"Switch: Knife"
"weapon_flashbang"			"Switch: Flashbang grenade"
"weapon_smokegrenade;sgren"		"Switch: Smoke grenade"
"weapon_hegrenade"			"Switch: HE grenade"
"weapon_c4"				"Switch: C4 explosive"

"blank"		"KOMMUNIKATION"
"+voicerecord"				"Use voice communication"
"radio1"				"Standard radio"
"radio2"				"Group radio"
"radio3"				"Report radio"
"messagemode"				"Public chat"
"messagemode2"				"Team chat"
"needbackup;say_team *NEED DROP*"	"Say need drop via radio and chat"

"blank"		"RADIO"
"coverme"				"Cover me!"
"takepoint"				"You take the point!"
"holdpos"				"Hold your position!"
"regroup"				"Regroup team!"
"followme"				"Follow me!"
"takingfire"				"Taking fire, need assistance!"

"go"					"GO GO GO!"
"fallback"				"Team, fall back!"
"sticktog"				"Stick together team!"	
"getinpos"				"Get in position!"
"stormfront"				"Storm the front!"	
"report"				"Report in, team!"

"roger"					"Roger that!/Affirmative!"
"enemyspot"				"Enemy spotted!"
"needbackup"				"Need backup!"
"sectorclear"				"Sector clear!"
"inposition"				"I'm in position!"
"reportingin"				"Reporting in!"	
"getout"				"Get out, she gonna blow!"
"negative"				"Negative!"
"enemydown"				"Enemy down!"

"blank"		"NAMEN"
"exec CFGs/custom/nickname1.cfg" 		"Change name to BZ name (config)"
"exec CFGs/custom/nickname2.cfg" 		"Change name to name 2 (config)"
"exec CFGs/custom/nickname3.cfg" 		"Change name to name 3 (config)"
"exec CFGs/custom/nickname4.cfg" 		"Change name to name 4 (config)"
"exec CFGs/custom/nickname5.cfg" 		"Change name to name 5 (config)"

"blank"		"NACHKAUFEN"
"rebuy"					"Buy: Rebuy last equipment purchased"

"blank"		"KAUFSCRIPT - PISTOLEN"
"usp"					"Buy: H&K USP .45ACP Tactical"
"glock"					"Buy: Glock 18c"
"deagle"				"Buy: Desert Eagle .50AE"
"p228"					"Buy: SIG P228"
"fn57; elites"				"Buy: FN Five-seveN/Dual Beretta Elites"

"blank"		"KAUFSCRIPT - SHOTGUNS"
"m3"					"Buy: Benelli M3 Super 90"
"xm1014"				"Buy: Benelli/H&K XM1014"

"blank"		"KAUFSCRIPT - SMGS"
"tmp; mac10"				"Buy: Steyr TMP/Mac-10"
"mp5"					"Buy: H&K MP5-Navy"
"p90"					"Buy: FN P90"
"ump45"					"Buy: H&K UMP .45ACP"

"blank"		"KAUFSCRIPT - GEWEHRE"
"famas; galil"				"Buy: FAMAS/Galil"
"m4a1; ak47"				"Buy: Colt M4A1/AK-47"
"aug; sg552"				"Buy: Steyr AUG/SG552 Commando"
"scout"					"Buy: Steyr Scout"
"awp"					"Buy: Arctic Warfare Magnum/Police"
"sg550; g3sg1"				"Buy: SIG SG550/H&K G3/SG1"

"blank"		"KAUFSCRIPT - MASCHINENGEWEHR"
"m249"					"Buy: FN M249 PARA"

"blank"		"KAUFSCRIPT - EQUIPMENT"
"vest"					"Buy: Kevlar vest"
"vesthelm; vest"			"Buy: Kevlar vest and helmet"
"flash"					"Buy: Flashbang grenade"
"hegren"				"Buy: HE grenade"
"sgren"					"Buy: Smoke grenade"
"defuser"				"Buy: Defuse kit"
"nvgs; nightvision"			"Buy: Night vision goggles"
"hegren; flash; flash; sgren" 		"Buy: all nades" 	
